// Jest Snapshot v1, https://goo.gl/fbAQLP

exports[`<Audio /> should render 1`] = `
<audio
  id="audio-test"
  src="./assets/audio/audio-file-test.mp3"
/>
`;
