// Jest Snapshot v1, https://goo.gl/fbAQLP

exports[`<BgImage /> should render 1`] = `
<div
  className="_bg-cover _h-screen _overflow-auto"
  style={
    Object {
      "backgroundImage": "url(hero.jpg)",
    }
  }
/>
`;
